Mesh file:                ../grids/naca0012_129x129.plot3d
Chord / L:                10.0
Mach number:              0.5

Pseudo-transient continuation:
    it        residual    rel residual
     0         3.9e+01         1.0e+00
     1         3.5e+01         8.8e-01
     2         1.9e+01         4.8e-01
     3         6.9e+00         1.7e-01
     4         8.4e+00         2.1e-01
     5         2.4e+00         6.0e-02
     6         6.3e-01         1.6e-02
     7         1.2e-01         2.9e-03
     8         1.9e-02         4.8e-04
     9         1.2e-03         3.1e-05
    10         3.9e-06         1.0e-07
    11         2.1e-09         5.3e-11

Lift coefficient derivatives:
wrt pitch angle:                     8.25 (1/rad)
wrt pitch angle wrt Mach number:     7.15 (1/rad)
